[dotenv@17.3.1] injecting env (4) from .env -- tip: ÔÜÖ´©Å  enable debug logging with { debug: true }
--- ­ƒº¬ SOMMELIER TEST: Batch Scenario Validation ---
Executing 3 scenarios...

