
> vsm-store@0.1.0 typecheck
> tsc --noEmit

src/components/layout/header/MegaMenu.tsx(45,62): error TS6133: 'hoverBg' is declared but its value is never read.
src/components/layout/header/MegaMenu.tsx(54,31): error TS2345: Argument of type 'CategoryWithChildren | undefined' is not assignable to parameter of type 'SetStateAction<CategoryWithChildren | null>'.
  Type 'undefined' is not assignable to type 'SetStateAction<CategoryWithChildren | null>'.
